#############################
ranks=1  mesh=16^3  npt=409600  q=m=0.0048447307312968462
#############################

      ██████╗░██╗░█████╗░
      ██╔══██╗██║██╔══██╗
      ██████╔╝██║██║░░╚═╝
      ██╔═══╝░██║██║░░██╗
      ██║░░░░░██║╚█████╔╝
      ╚═╝░░░░░╚═╝░╚════╝░
         
Options used:
   --device cuda
   --full-assembly
   --no-partial-assembly
   --dimension 3
   --order 1
   --num-x 16
   --num-y 16
   --num-z 16
   --charge 0.00484473
   --mass 0.00484473
   --time-step 0.02
   --num-timesteps 10
   --num-particles 409600
   --k 0.5
   --alpha 0.01
   --ordering 1
   --redist-interval 1
   --output-csv-interval -1
   --no-visualization
   --send-port 19916
   --reproduce
Device configuration: cuda,cpu
Memory configuration: host-std,cuda
Use GPU-aware MPI:    no
Total charge: 1984.4, Domain volume: 1984.4, Neutralizing constant: -1
Further updates will use this precomputed neutralizing constant.
Step: 1 | Time: 0.02 | Time per step: 0.35749
Kinetic energy: 2979.46	Field energy: 1.65511	Total energy: 2981.11
Step: 2 | Time: 0.04 | Time per step: 0.348279
Kinetic energy: 2979.46	Field energy: 1.65308	Total energy: 2981.11
Step: 3 | Time: 0.06 | Time per step: 0.346449
Kinetic energy: 2979.46	Field energy: 1.65022	Total energy: 2981.11
Step: 4 | Time: 0.08 | Time per step: 0.343719
Kinetic energy: 2979.46	Field energy: 1.64676	Total energy: 2981.11
Step: 5 | Time: 0.1 | Time per step: 0.342003
Kinetic energy: 2979.47	Field energy: 1.64308	Total energy: 2981.11
Step: 6 | Time: 0.12 | Time per step: 0.342526
Kinetic energy: 2979.47	Field energy: 1.63865	Total energy: 2981.11
Step: 7 | Time: 0.14 | Time per step: 0.341468
Kinetic energy: 2979.48	Field energy: 1.6331	Total energy: 2981.11
Step: 8 | Time: 0.16 | Time per step: 0.341208
Kinetic energy: 2979.49	Field energy: 1.62567	Total energy: 2981.11
Step: 9 | Time: 0.18 | Time per step: 0.342033
Kinetic energy: 2979.49	Field energy: 1.61658	Total energy: 2981.11
Step: 10 | Time: 0.2 | Time per step: 0.341634
Kinetic energy: 2979.5	Field energy: 1.60714	Total energy: 2981.11

=========== PIC Timing Summary (max over ranks) ===========
  1. Calculate forces (E@p)         2.4046 s     70.1 %
  2. Push particles                 0.0022 s      0.1 %
  3. Redistribute particles         0.0046 s      0.1 %
  4. Update fields (Poisson)        0.7747 s     22.6 %
  5. FindPoints (locate p)          0.1194 s      3.5 %
  Other (I/O, vis, energies)        0.1256 s      3.7 %
  ---------------------------------------------------
  Total time                        3.4310 s    100.0 %
  Avg time per step                 0.3431 s
============================================================
#############################
ranks=8  mesh=32^3  npt=3276800  q=m=0.00060559134141210578
#############################

      ██████╗░██╗░█████╗░
      ██╔══██╗██║██╔══██╗
      ██████╔╝██║██║░░╚═╝
      ██╔═══╝░██║██║░░██╗
      ██║░░░░░██║╚█████╔╝
      ╚═╝░░░░░╚═╝░╚════╝░
         
Options used:
   --device cuda
   --full-assembly
   --no-partial-assembly
   --dimension 3
   --order 1
   --num-x 32
   --num-y 32
   --num-z 32
   --charge 0.000605591
   --mass 0.000605591
   --time-step 0.02
   --num-timesteps 10
   --num-particles 3276800
   --k 0.5
   --alpha 0.01
   --ordering 1
   --redist-interval 1
   --output-csv-interval -1
   --no-visualization
   --send-port 19916
   --reproduce
Device configuration: cuda,cpu
Memory configuration: host-std,cuda
Use GPU-aware MPI:    no
Total charge: 1984.4, Domain volume: 1984.4, Neutralizing constant: -1
Further updates will use this precomputed neutralizing constant.
Step: 1 | Time: 0.02 | Time per step: 0.746432
Kinetic energy: 2978.05	Field energy: 0.799737	Total energy: 2978.85
Step: 2 | Time: 0.04 | Time per step: 0.690279
Kinetic energy: 2978.05	Field energy: 0.800322	Total energy: 2978.85
Step: 3 | Time: 0.06 | Time per step: 0.667386
Kinetic energy: 2978.05	Field energy: 0.799868	Total energy: 2978.85
Step: 4 | Time: 0.08 | Time per step: 0.651101
Kinetic energy: 2978.05	Field energy: 0.798389	Total energy: 2978.85
Step: 5 | Time: 0.1 | Time per step: 0.64199
Kinetic energy: 2978.05	Field energy: 0.796093	Total energy: 2978.85
Step: 6 | Time: 0.12 | Time per step: 0.636094
Kinetic energy: 2978.06	Field energy: 0.793324	Total energy: 2978.85
Step: 7 | Time: 0.14 | Time per step: 0.630078
Kinetic energy: 2978.06	Field energy: 0.789973	Total energy: 2978.85
Step: 8 | Time: 0.16 | Time per step: 0.625063
Kinetic energy: 2978.06	Field energy: 0.786052	Total energy: 2978.85
Step: 9 | Time: 0.18 | Time per step: 0.621014
Kinetic energy: 2978.07	Field energy: 0.781706	Total energy: 2978.85
Step: 10 | Time: 0.2 | Time per step: 0.618461
Kinetic energy: 2978.07	Field energy: 0.776765	Total energy: 2978.85

=========== PIC Timing Summary (max over ranks) ===========
  1. Calculate forces (E@p)         3.7631 s     60.6 %
  2. Push particles                 0.0059 s      0.1 %
  3. Redistribute particles         0.2159 s      3.5 %
  4. Update fields (Poisson)        1.4331 s     23.1 %
  5. FindPoints (locate p)          0.9369 s     15.1 %
  Other (I/O, vis, energies)       -0.1493 s     -2.4 %
  ---------------------------------------------------
  Total time                        6.2056 s    100.0 %
  Avg time per step                 0.6206 s
============================================================
#############################
ranks=64  mesh=64^3  npt=26214400  q=m=7.5698917676513222e-05
#############################

      ██████╗░██╗░█████╗░
      ██╔══██╗██║██╔══██╗
      ██████╔╝██║██║░░╚═╝
      ██╔═══╝░██║██║░░██╗
      ██║░░░░░██║╚█████╔╝
      ╚═╝░░░░░╚═╝░╚════╝░
         
Options used:
   --device cuda
   --full-assembly
   --no-partial-assembly
   --dimension 3
   --order 1
   --num-x 64
   --num-y 64
   --num-z 64
   --charge 7.56989e-05
   --mass 7.56989e-05
   --time-step 0.02
   --num-timesteps 10
   --num-particles 26214400
   --k 0.5
   --alpha 0.01
   --ordering 1
   --redist-interval 1
   --output-csv-interval -1
   --no-visualization
   --send-port 19916
   --reproduce
Device configuration: cuda,cpu
Memory configuration: host-std,cuda
Use GPU-aware MPI:    no
Total charge: 1984.4, Domain volume: 1984.4, Neutralizing constant: -1
Further updates will use this precomputed neutralizing constant.
Step: 1 | Time: 0.02 | Time per step: 2.10004
Kinetic energy: 2977.19	Field energy: 0.636153	Total energy: 2977.83
Step: 2 | Time: 0.04 | Time per step: 1.74643
Kinetic energy: 2977.19	Field energy: 0.635865	Total energy: 2977.83
Step: 3 | Time: 0.06 | Time per step: 1.55546
Kinetic energy: 2977.19	Field energy: 0.634917	Total energy: 2977.83
Step: 4 | Time: 0.08 | Time per step: 1.44911
Kinetic energy: 2977.19	Field energy: 0.63339	Total energy: 2977.83
Step: 5 | Time: 0.1 | Time per step: 1.37504
Kinetic energy: 2977.2	Field energy: 0.631344	Total energy: 2977.83
Step: 6 | Time: 0.12 | Time per step: 1.32539
Kinetic energy: 2977.2	Field energy: 0.628712	Total energy: 2977.83
Step: 7 | Time: 0.14 | Time per step: 1.28712
Kinetic energy: 2977.2	Field energy: 0.625445	Total energy: 2977.83
Step: 8 | Time: 0.16 | Time per step: 1.25707
Kinetic energy: 2977.21	Field energy: 0.621599	Total energy: 2977.83
Step: 9 | Time: 0.18 | Time per step: 1.23524
Kinetic energy: 2977.21	Field energy: 0.61722	Total energy: 2977.83
Step: 10 | Time: 0.2 | Time per step: 1.21563
Kinetic energy: 2977.21	Field energy: 0.612302	Total energy: 2977.83

=========== PIC Timing Summary (max over ranks) ===========
  1. Calculate forces (E@p)         4.6997 s     38.5 %
  2. Push particles                 0.0202 s      0.2 %
  3. Redistribute particles         1.1160 s      9.2 %
  4. Update fields (Poisson)        3.3711 s     27.6 %
  5. FindPoints (locate p)          3.8824 s     31.8 %
  Other (I/O, vis, energies)       -0.8947 s     -7.3 %
  ---------------------------------------------------
  Total time                       12.1947 s    100.0 %
  Avg time per step                 1.2195 s
============================================================
